[
  {"value": "simple"},
  {"value": ""},
  {"value": "contains )pv\"\"\" in the middle"},
  {"value": "has )pv\"\"\" and also R\"\"\"pv( patterns"},
  {"value": ")pv\"\"\" at the beginning"},
  {"value": "ends with )pv\"\"\""},
  {"value": "R\"\"\"pv(not actually nested)pv\"\"\""},
  {"value": "multiple )pv\"\"\" and )pv\"\"\" and even )pv\"\"\" patterns"},
  {"error": "invalid_string_start"},
  {"error": "content_after_string"},
  {"value": "indented string"},
  {"value": "deeply indented"},
  {"error": "invalid_string_start"},
  {"error": "invalid_string_start"},
  {"error": "invalid_string_start"},
  {"error": "invalid_string_start"},
  {"value": "first)pv\"\"\" R\"\"\"pv(second"},
  {"value": "one)pv\"\"\" R\"\"\"pv(two)pv\"\"\" R\"\"\"pv(three"},
  {"value": "text)pv\"\"\")pv\"\"\")pv\"\"\""},
  {"error": "string_unterminated"},
  {"error": "content_after_string"},
  {"value": "valid"},
  {"error": "string_not_found"},
  {"error": "string_unterminated"}
]